This chart shows the female representation in various employment sectors.
We can see that law firms have the highest female representation out of the four sectors and tech has the lowest.
The chart shows that the sector with most women representation is law firms.
however tech is the least with less than 20% of women represented in the sector.
Insurance has only a quarter of women representation with financial groups a little over half.
This chart shows the gender pay gap between Germany, Spain and the UK.
We can see that the UK has the biggest pay gap , followed by Spain and Germany has the smallest.
Surprisingly the UK has the largest gap in gender pay at 15% while Germany has a mere 5% gap.
Spain has 10% lower than the UK ' s despite its poor Maternity packages.
There is a wider pay gap in the UK than Germany or Spain
This chart shows how young people spend their evenings.
We can see that a high proportion watch TV or go out whilst a much smaller proportion spend time with family or read a book.
Most young people spend their evening watching TV at 40% doing this compared with 30% going out.
Only 10% read a book with double that spending time with family.
Most young people spend their evenings watching TV
This shows the average salary earned by women between the years of 2000 and 2015.
We can see that year on year , salaries are slowly increasing.
The chart shows every 5 years the median salary of women is rising by about 2 - 3% a year.
The salary of women has gone up year on year
The median salary of women grows at a cost rate of approximately $ 5,000 per 5 years.
This chart shows the average annual salary for software engineers relative to their degree.
We can see that those who have no degree have a lower salary than those who have a Bachelors degree.
Those with a Masters or a PhD on average earn much more.
The chart shows that with a PhD degree Software engineers earn the highest with over 20000 more than no degrees and Bachelor.
Masters is only 15000 behind PhD but shows more studies are needed for higher salaries.
This chart shows how much money is spent on Higher Education in 2010 in various countries.
We can see that Asia spends the most by far , followed by North America.
Europe and Africa trail behind with much smaller amounts.
Asia is the country spending the most on higher education at over 300 million dollars but Africa only spent 50 million dollars.
Europe only spent double that compared with 200 million dollars of that with N.America.
This chart shows the number of top 100 universities in each continent.
We can see that both Africa and Australia have a very small amount whilst Asia, Europe and America have a much higher amount
The graph shows America has over 50% of the top 100 Universities in each continent with Australia and Africa falling drastically behind with under 10%.
Europe and Asia have 30 and 20% retrospectively.
There are more top universities in USA than anywhere else in the world.
The chart shows what causes obesity.
We can see that fast food accounts for a high percentage of this at 60% whilst genetic follows at 30% and lack of exercise at 10%.
Fast food is the major cause of obesity at 60% with lack of exercise at 10% but genetics is 30% of leading causes.
60% of fast food causes obesity
Fast food is the major cause of obesity at 60%.
This chart show what subjects students choose to study.
We can see that a high percentage choose STEM whilst a much lower percentage choose literature, philosophy or medicine.
Stem seems the most popular choice for students to study at 50% with literature and medicine both at 20%.
Philosophy is the lowest at 10% of students choosing to study it.
50% of students have chosen to study STEM subjects
This chart shows the female representation in various university departments.
We can see that both the Arts and Literature departments have much higher female representation than computer science, mathematics and engineering.
Literature has the highest women representation in university departments with 70% however math has only 10% , a rather large difference.
Arts follows closely behind with 60% but engineering and PC science are even lower again at 30 and 20%.
70% of women are represented in the Literature department of universities.