Law firms are made up of 60% women and financial groups are made up of 40% women. Insurance and Tech are only represented by 25% and 20% of women respectively. 
This graph shows the percentage of women in the workforce in different sectors of industry. \\n 40% in Financial \\n 20% in Tech \\n 25% in Insurance \\n 60% in Law 
Largest representation of women at 60% in law sectors , then financial groups at 45% , insurance at 25% and Tech at only 20% 
The gender pay gap is highest in the UK at 15% , followed by Spain at 10%. Germany has the lowest gender pay gap at 5% 
It is the percentage difference in pay between men and women in 3 different countries. 5% for Germany \\n 10% for Spain \\n 15% for The UK 
Uk has the largest gender pay gap at 15% whilst Spain is 10% and Germany only 5% 
40% of young people spend their evenings watching TV , 30% prefer to go out , 20% spend time with family and only 10% choose to spend time reading a book in the evenings 
The percentage of young people who spend their evening doing different activities. \\n \\n 40% Watching TV \\n 20% Spending Time with family \\n 10% Reading a book \\n 30% Going out 
Watching TV is how 40% young people spend their evenings , 30% go out , 20% spend time with family and 10% read a book 
The Median salary for women appears to increase by 1000 every year. 
This graph shows how the median salary of women has changed over time. This is done by looking every half decade from the year 2000 to 2015. $ 40000 - 2000 \\n $ 42000 - 2005 \\n $ 50000 - 2010 \\n $ 52000 - 2015 
2015 saw women median pay rise to 53 k , from 50 k in 2010. 2005 it was at 45 k from 40 k in 2000 , so you can see it has been rising steadily 
Software engineers who achieved a higher degree of further education and higher degree qualification earn a higher salary. 
The average salary of a software engineer base on their level. $ 45000 for a BA/BSc \\n $ 55000 for a MA/MSc \\n $ 65000 for a PhD \\n $ 35000 for No degree 
63 k is median salary for software engineers who have a PhD , 56 k for a Masters , 44 k for a Bachelor degree , but only 35 k with no degree 
in 2010 Asia spent a significant amount of money on higher education , especially when compared to Europe and Africa. North America spent a fair amount on higher education - twice as much as Europe and four times as much Africa. 
This shows the money spent on higher education in 2010 by different continents , despite the title at the bottom saying countries. \\n \\n $ 200 Million - North America \\n $ 100 Million - Europe \\n $ 320 Million - Asia \\n $ 50 Million - Africa 
325 Million dollars spent on HE in 2010 in Asia , 200 in North America , 100 in Europe but only 50 million in Africa 
50% of the world ' s top universities are in America , 30% are in Europe , followed by 20% in Asia. Africa and Australia are each only home to 5% of the world ' s top universities. 
The number of universities in each continent that are in the top 100 worldwide. 50 - America \\n 5 - Africa \\n 5 - Australia \\n 30 - Europe \\n 20 - Asia 
America is the continent with most universities in the top 100 table with 50 establishments. Europe comes next with 30 establishments , Asia has 20 , whilst Australia and Africa have only 5 each. 
Fast food is the leading cause of obesity at 60% , followed by genetics at 30% and a lack of exercise at 10% 
This graph shows what causes obesity or is a factor in someone becoming obese. 60% Fast food \\n 30% Genetic \\n 10% Lack of Exercises 
Fast food causes 60% of obesity , genetic predisposition some 30% whilst lack of exercise contributes the other 10% 
50% of students choose to study STEM , 20% each choose to study literature and medicine , with only 10% choosing to study philosophy. 
This graph shows the percentage of students who choose to study for in four different departments. 50% - STEM \\n 20% - Literature \\n 10% - Philosophy \\n 20% - Medicine 
Most student choose STEM subjects at 50% whilst Literature and Medicine only attract 20% , and philosophy is least popular at 10%. 
The highest representation of women across university departments is in literature at 70% , followed closely by 60% in Arts. Engineering and computer sciences have a lower representation at 30% and 20% respectively. Mathematics has the lowest representation of women at only 10%. 
This shows the percentage of staff in each university department that are women. \\n \\n 20% - Computer Science \\n 60% - Arts \\n 10% - Math \\n 70% - Literature \\n 30% - Engineering 
University departments consist 70% women in the literature field , arts have 60% , engineering 30% , computer science 20% but the mathematics has only 10% women in the department 