Women are more likely to represents law firms and financial groups than insurance and tech by nearly double 
This chart displays information of women's representation in different sectors. Law firms have the highest number of women employed with 60% and tech has the lowest with 20% of women. 
This graph presents the proportion of women working in different  sectors. Law firms have the highest proportion of women , followed by financial groups and insurance. Tech has the lowest proportion of women represented - 20%. 
The UK has the highest gender pay gap which is more than double the lowest of Germany 
This chart displays the gender pay gap in 3 countries. The UK has the highest percentage of a gap with 16% , followed by Spain at 10% and lastly Germany with 5%. 
This bar chart shows the gender pay gap in three countries , ; Germany, Span and the UK. It is displayed as a percentage , and the UK has a higher percentage. However it is not clear what the percentage is of, or which gender is favoured in the pay gap from the graph labels itself. 
Young people are more likely to watch TV and go out rather than read a book 
This graph shows the activities young people undertake in the evenings. Most young people spend their evenings watching TV this accounts for 40%. The next most common activity is going out with 30% , then spending time with family at 20% and lastly only 10% of young people read books in the evening. The lack of book reading is probably due to more technology being ready accessible 
This bar chart shows how young people spend their evenings. 40% of young people spend their evenings watching TV (the most common activity) , while the least common activity is reading book (~ 10%). it is unclear if young people could say that they do more than one of these things. 
The average salary for women has grown since 2000 by at least 10% 
This chart shows the median salary of women per year from the years 2000 - 2015. Over the years the median salary has increased it was 40,000 in 2000 and is now 56,000 in 2015. 
This graph presents the median salary of women from 2000 to 2015. Women ' s earnings have been steadily increasing over this time. 
The higher level of education the higher the salary 
This chart displays the median salary per year of software engineers depending on their degree. Those with a PhD earn the most with 64,000 , then Masters at 54,000 , then Bachelor at 44,000 and those in the field with no degree earn 34,000. This corresponds with what you would expect that those with a better education and more knowledge earn more 
This graph plots the median salary for software engineers split by their level of qualifications. PhD holders earn the highest median salary , followed by Masters holders , then Bachelors. Non-degree holders earn about half what PhD holders do. 
In Asia they ' re more likely to spend money on higher education compared to other continents 
This chart shows the amount of dollars (millions) that was spent on higher education in different continents. Asia spent the most with 320 million , followed by North America with 200 million , Europe with 100 million spent and lastly Africa with 50 million. You expect Africa to be last due to poverty and lack of access to education. 
This graph presents money spent on higher education in the year 2010 by different continents. It might be total money spent, it is not clear. Asia seems to spend the most , compared to Africa which spends the least. 
America has the highest number of top universities followed by Europe 
This chart shows the number of top 100 universities in each continent. America leads the way with 50 universities , then Europe with 30 , Asia with 20 and both Africa and Australia with 5 
This graph displays the number of top 100 universities in each continent. The data presumably comes from a ranking source but this information is not provided. America has half the top universities , while Africa only has 4. 
Fast food is the highest factors in causing obesity 
This chart displays causes of obesity. The highest percentage of obesity cases would be because of fast food at 60% , followed by genetic reasons at 30% and then lack of exercise at 10%. 
This graph shows three potential causes of obesity , and breaks down their relative contribution. Fast food emerges as the most important , followed by genetic factors. Lack of exercise is comparatively unimportant to these other two factors. 
Students decided to study stem with more than double the other subjects 
This chart shows what subjects students choose to study. Most students pick STEM at approx 50% , Literature and Medicine both account for 20% and Philosophy is last with 10% of students choosing this. 
This bar chart displays the percentage of students in different types of department. The modal category is STEM. It is unclear where other departments like History or Social Science fit. Philosophy is the smallest category - but this in unsurprising as it is one subject compared to the conglomeration of STEM subjects. 
Women are more likely to work in the arts and literature in university departments compared to mathematics and computer science 
This shows the representation of women in various university departments. Most women are in the Literature department with 70% being female , there are also a high number of women in Arts at 60%. Mathematics is the lowest represented department for women only making up 10% of staff. 
This bar chart displays the proportion of women in different university departments. Arts and Literature have higher representation , compared to Mathematics, Engineering and Computer Science. 
